// Jest Snapshot v1, https://goo.gl/fbAQLP

exports[`Counter component should mount component correctly 1`] = `
<Counter>
  <CounterValue
    count={0}
  >
    <p
      data-test-id="counter-value"
    >
      0
    </p>
  </CounterValue>
  <DecrementButton
    onClick={[Function]}
  >
    <button
      data-test-id="decrement-button"
      onClick={[Function]}
    >
      -
    </button>
  </DecrementButton>
  <IncrementButton
    onClick={[Function]}
  >
    <button
      data-test-id="increment-button"
      onClick={[Function]}
    >
      +
    </button>
  </IncrementButton>
</Counter>
`;

exports[`Counter component should shallow render component correctly 1`] = `
<Fragment>
  <CounterValue
    count={0}
  />
  <DecrementButton
    onClick={[Function]}
  />
  <IncrementButton
    onClick={[Function]}
  />
</Fragment>
`;
